// Jest Snapshot v1, https://goo.gl/fbAQLP

exports[`renders without crashing 1`] = `
<View
  style={
    Object {
      "alignItems": "center",
      "backgroundColor": "#fff",
      "flex": 1,
      "justifyContent": "flex-start",
      "marginTop": 40,
    }
  }
>
  <Text
    accessible={true}
    allowFontScaling={true}
    ellipsizeMode="tail"
    style={
      Array [
        Object {},
        undefined,
        Object {
          "fontSize": 42.5,
        },
        undefined,
        undefined,
        undefined,
        Object {},
        undefined,
        undefined,
        undefined,
        undefined,
      ]
    }
  >
    Today!
  </Text>
  <View
    style={
      Array [
        Object {
          "backgroundColor": "#ffffff",
          "borderColor": "#bbb",
          "borderTopWidth": 1,
          "marginTop": 20,
        },
        Object {
          "width": 350,
        },
      ]
    }
  >
    <View
      disabled={false}
      onLongPress={undefined}
      onPress={undefined}
      style={
        Array [
          Object {
            "backgroundColor": "transparent",
            "borderBottomColor": "#bbb",
            "borderBottomWidth": 1,
            "paddingBottom": 10,
            "paddingRight": 10,
            "paddingTop": 10,
          },
          Object {
            "margin": 0,
            "paddingBottom": 0,
            "paddingLeft": 0,
            "paddingRight": 0,
            "paddingTop": 0,
          },
          false,
          false,
        ]
      }
      underlayColor="white"
    >
      <View
        style={
          Array [
            Object {
              "alignItems": "center",
              "flexDirection": "row",
              "marginLeft": 10,
            },
            undefined,
          ]
        }
      >
        <View
          style={
            Object {
              "flex": 1,
              "justifyContent": "center",
            }
          }
        >
          <View
            style={undefined}
          >
            <View>
              <View>
                <View
                  accessibilityComponentType={undefined}
                  accessibilityLabel={undefined}
                  accessibilityTraits={undefined}
                  accessible={true}
                  collapsable={undefined}
                  hasTVPreferredFocus={undefined}
                  hitSlop={undefined}
                  isTVSelectable={true}
                  nativeID={undefined}
                  onLayout={undefined}
                  onResponderGrant={[Function]}
                  onResponderMove={[Function]}
                  onResponderRelease={[Function]}
                  onResponderTerminate={[Function]}
                  onResponderTerminationRequest={[Function]}
                  onStartShouldSetResponder={[Function]}
                  style={
                    Object {
                      "backgroundColor": "transparent",
                      "borderColor": "#ededed",
                      "borderRadius": 3,
                      "borderWidth": 0,
                      "margin": 5,
                      "marginBottom": 0,
                      "marginLeft": 0,
                      "marginRight": 0,
                      "marginTop": 0,
                      "opacity": 1,
                      "padding": 10,
                    }
                  }
                  testID={undefined}
                  tvParallaxProperties={undefined}
                >
                  <View
                    style={
                      Array [
                        Object {
                          "alignItems": "center",
                          "flexDirection": "row",
                        },
                        false,
                        false,
                      ]
                    }
                  >
                    <Text
                      accessible={true}
                      allowFontScaling={false}
                      ellipsizeMode="tail"
                      onLongPress={undefined}
                      onPress={undefined}
                      style={
                        Array [
                          Object {
                            "color": "green",
                            "fontSize": 30,
                          },
                          undefined,
                          Object {
                            "fontFamily": "FontAwesome",
                            "fontStyle": "normal",
                            "fontWeight": "normal",
                          },
                        ]
                      }
                    >
                      ÔÅò
                    </Text>
                    <Text
                      accessible={true}
                      allowFontScaling={true}
                      ellipsizeMode="tail"
                      style={
                        Array [
                          Object {},
                          undefined,
                          undefined,
                          undefined,
                          undefined,
                          undefined,
                          undefined,
                          undefined,
                          undefined,
                          undefined,
                          Array [
                            Object {
                              "color": "#43484d",
                              "fontWeight": "bold",
                              "marginLeft": 10,
                              "marginRight": 10,
                            },
                            Object {
                              "color": "#aaa",
                              "fontSize": 16,
                              "textDecorationLine": "line-through",
                            },
                            undefined,
                          ],
                        ]
                      }
                    >
                      Take out the trash
                    </Text>
                  </View>
                </View>
              </View>
            </View>
          </View>
          <View
            style={undefined}
          >
            <View />
          </View>
        </View>
      </View>
    </View>
    <View
      disabled={false}
      onLongPress={undefined}
      onPress={undefined}
      style={
        Array [
          Object {
            "backgroundColor": "transparent",
            "borderBottomColor": "#bbb",
            "borderBottomWidth": 1,
            "paddingBottom": 10,
            "paddingRight": 10,
            "paddingTop": 10,
          },
          Object {
            "margin": 0,
            "paddingBottom": 0,
            "paddingLeft": 0,
            "paddingRight": 0,
            "paddingTop": 0,
          },
          false,
          false,
        ]
      }
      underlayColor="white"
    >
      <View
        style={
          Array [
            Object {
              "alignItems": "center",
              "flexDirection": "row",
              "marginLeft": 10,
            },
            undefined,
          ]
        }
      >
        <View
          style={
            Object {
              "flex": 1,
              "justifyContent": "center",
            }
          }
        >
          <View
            style={undefined}
          >
            <View>
              <View>
                <View
                  accessibilityComponentType={undefined}
                  accessibilityLabel={undefined}
                  accessibilityTraits={undefined}
                  accessible={true}
                  collapsable={undefined}
                  hasTVPreferredFocus={undefined}
                  hitSlop={undefined}
                  isTVSelectable={true}
                  nativeID={undefined}
                  onLayout={undefined}
                  onResponderGrant={[Function]}
                  onResponderMove={[Function]}
                  onResponderRelease={[Function]}
                  onResponderTerminate={[Function]}
                  onResponderTerminationRequest={[Function]}
                  onStartShouldSetResponder={[Function]}
                  style={
                    Object {
                      "backgroundColor": "transparent",
                      "borderColor": "#ededed",
                      "borderRadius": 3,
                      "borderWidth": 0,
                      "margin": 5,
                      "marginBottom": 0,
                      "marginLeft": 0,
                      "marginRight": 0,
                      "marginTop": 0,
                      "opacity": 1,
                      "padding": 10,
                    }
                  }
                  testID={undefined}
                  tvParallaxProperties={undefined}
                >
                  <View
                    style={
                      Array [
                        Object {
                          "alignItems": "center",
                          "flexDirection": "row",
                        },
                        false,
                        false,
                      ]
                    }
                  >
                    <Text
                      accessible={true}
                      allowFontScaling={false}
                      ellipsizeMode="tail"
                      onLongPress={undefined}
                      onPress={undefined}
                      style={
                        Array [
                          Object {
                            "color": "#bfbfbf",
                            "fontSize": 30,
                          },
                          undefined,
                          Object {
                            "fontFamily": "FontAwesome",
                            "fontStyle": "normal",
                            "fontWeight": "normal",
                          },
                        ]
                      }
                    >
                      Ôáõ
                    </Text>
                    <Text
                      accessible={true}
                      allowFontScaling={true}
                      ellipsizeMode="tail"
                      style={
                        Array [
                          Object {},
                          undefined,
                          undefined,
                          undefined,
                          undefined,
                          undefined,
                          undefined,
                          undefined,
                          undefined,
                          undefined,
                          Array [
                            Object {
                              "color": "#43484d",
                              "fontWeight": "bold",
                              "marginLeft": 10,
                              "marginRight": 10,
                            },
                            Object {
                              "fontSize": 16,
                            },
                            undefined,
                          ],
                        ]
                      }
                    >
                      Buy Coffee
                    </Text>
                  </View>
                </View>
              </View>
            </View>
          </View>
          <View
            style={undefined}
          >
            <View />
          </View>
        </View>
      </View>
    </View>
    <View
      disabled={false}
      onLongPress={undefined}
      onPress={undefined}
      style={
        Array [
          Object {
            "backgroundColor": "transparent",
            "borderBottomColor": "#bbb",
            "borderBottomWidth": 1,
            "paddingBottom": 10,
            "paddingRight": 10,
            "paddingTop": 10,
          },
          Object {
            "margin": 0,
            "paddingBottom": 0,
            "paddingLeft": 0,
            "paddingRight": 0,
            "paddingTop": 0,
          },
          false,
          false,
        ]
      }
      underlayColor="white"
    >
      <View
        style={
          Array [
            Object {
              "alignItems": "center",
              "flexDirection": "row",
              "marginLeft": 10,
            },
            undefined,
          ]
        }
      >
        <View
          style={
            Object {
              "flex": 1,
              "justifyContent": "center",
            }
          }
        >
          <View
            style={undefined}
          >
            <View>
              <View>
                <View
                  accessibilityComponentType={undefined}
                  accessibilityLabel={undefined}
                  accessibilityTraits={undefined}
                  accessible={true}
                  collapsable={undefined}
                  hasTVPreferredFocus={undefined}
                  hitSlop={undefined}
                  isTVSelectable={true}
                  nativeID={undefined}
                  onLayout={undefined}
                  onResponderGrant={[Function]}
                  onResponderMove={[Function]}
                  onResponderRelease={[Function]}
                  onResponderTerminate={[Function]}
                  onResponderTerminationRequest={[Function]}
                  onStartShouldSetResponder={[Function]}
                  style={
                    Object {
                      "backgroundColor": "transparent",
                      "borderColor": "#ededed",
                      "borderRadius": 3,
                      "borderWidth": 0,
                      "margin": 5,
                      "marginBottom": 0,
                      "marginLeft": 0,
                      "marginRight": 0,
                      "marginTop": 0,
                      "opacity": 1,
                      "padding": 10,
                    }
                  }
                  testID={undefined}
                  tvParallaxProperties={undefined}
                >
                  <View
                    style={
                      Array [
                        Object {
                          "alignItems": "center",
                          "flexDirection": "row",
                        },
                        false,
                        false,
                      ]
                    }
                  >
                    <Text
                      accessible={true}
                      allowFontScaling={false}
                      ellipsizeMode="tail"
                      onLongPress={undefined}
                      onPress={undefined}
                      style={
                        Array [
                          Object {
                            "color": "#bfbfbf",
                            "fontSize": 30,
                          },
                          undefined,
                          Object {
                            "fontFamily": "FontAwesome",
                            "fontStyle": "normal",
                            "fontWeight": "normal",
                          },
                        ]
                      }
                    >
                      Ôáõ
                    </Text>
                    <Text
                      accessible={true}
                      allowFontScaling={true}
                      ellipsizeMode="tail"
                      style={
                        Array [
                          Object {},
                          undefined,
                          undefined,
                          undefined,
                          undefined,
                          undefined,
                          undefined,
                          undefined,
                          undefined,
                          undefined,
                          Array [
                            Object {
                              "color": "#43484d",
                              "fontWeight": "bold",
                              "marginLeft": 10,
                              "marginRight": 10,
                            },
                            Object {
                              "fontSize": 16,
                            },
                            undefined,
                          ],
                        ]
                      }
                    >
                      Call Amy
                    </Text>
                  </View>
                </View>
              </View>
            </View>
          </View>
          <View
            style={undefined}
          >
            <View />
          </View>
        </View>
      </View>
    </View>
  </View>
  <View
    accessibilityComponentType={undefined}
    accessibilityLabel={undefined}
    accessibilityTraits={undefined}
    accessible={true}
    hasTVPreferredFocus={undefined}
    hitSlop={undefined}
    isTVSelectable={true}
    nativeID={undefined}
    onLayout={undefined}
    onResponderGrant={[Function]}
    onResponderMove={[Function]}
    onResponderRelease={[Function]}
    onResponderTerminate={[Function]}
    onResponderTerminationRequest={[Function]}
    onStartShouldSetResponder={[Function]}
    style={
      Array [
        false,
        false,
        false,
        Object {
          "alignItems": "center",
          "backgroundColor": "transparent",
          "justifyContent": "center",
        },
        undefined,
      ]
    }
    testID={undefined}
    tvParallaxProperties={undefined}
  >
    <Text
      accessible={true}
      allowFontScaling={false}
      ellipsizeMode="tail"
      style={
        Array [
          Object {
            "color": "#f50",
            "fontSize": 24,
          },
          Array [
            Object {
              "backgroundColor": "transparent",
            },
            undefined,
          ],
          Object {
            "fontFamily": "Material Icons",
            "fontStyle": "normal",
            "fontWeight": "normal",
          },
        ]
      }
    >
      ÓÖá
    </Text>
  </View>
</View>
`;
